[00:48:29] [ServerMain/INFO]: Environment: Environment[sessionHost=https://sessionserver.mojang.com, servicesHost=https://api.minecraftservices.com, name=PROD]
[00:48:36] [ServerMain/INFO]: Loaded 1296 recipes
[00:48:37] [ServerMain/INFO]: Loaded 1400 advancements
[00:48:38] [Server thread/INFO]: Starting minecraft server version 1.21
[00:48:38] [Server thread/INFO]: Loading properties
[00:48:38] [Server thread/INFO]: Default game type: SURVIVAL
[00:48:38] [Server thread/INFO]: Generating keypair
[00:48:38] [Server thread/INFO]: Starting Minecraft server on *:25565
[00:48:38] [Server thread/INFO]: Using epoll channel type
[00:48:38] [Server thread/WARN]: **** SERVER IS RUNNING IN OFFLINE/INSECURE MODE!
[00:48:38] [Server thread/WARN]: The server will make no attempt to authenticate usernames. Beware.
[00:48:38] [Server thread/WARN]: While this makes the game possible to play without internet access, it also opens up the ability for hackers to connect with any username they choose.
[00:48:38] [Server thread/WARN]: To change this, set "online-mode" to "true" in the server.properties file.
[00:48:39] [Server thread/INFO]: Preparing level "world"
[00:48:46] [Server thread/INFO]: Preparing start region for dimension minecraft:overworld
[00:48:48] [Worker-Main-1/INFO]: Preparing spawn area: 0%
[00:48:48] [Worker-Main-1/INFO]: Preparing spawn area: 0%
[00:48:48] [Worker-Main-1/INFO]: Preparing spawn area: 0%
[00:48:48] [Worker-Main-1/INFO]: Preparing spawn area: 0%
[00:48:48] [Server thread/INFO]: Time elapsed: 1944 ms
[00:48:48] [Server thread/INFO]: Done (9.474s)! For help, type "help"
[00:52:26] [Server thread/INFO]: Akukis[/192.168.194.127:59879] logged in with entity id 8 at (-433.05880415750624, 103.0, 11.671269664533911)
[00:52:26] [Server thread/INFO]: Akukis joined the game
[00:52:29] [Server thread/WARN]: Can't keep up! Is the server overloaded? Running 2601ms or 52 ticks behind
[00:54:11] [Server thread/INFO]: [Akukis: Gave 2 [Totem of Undying] to Akukis]
[00:54:20] [Server thread/INFO]: [Akukis: Set own game mode to Spectator Mode]
[00:54:27] [Server thread/INFO]: [Akukis: Set own game mode to Survival Mode]
[00:54:46] [Server thread/INFO]: [Akukis: Gave 64 [Emerald] to Akukis]
[00:55:58] [Server thread/INFO]: [Akukis: Set own game mode to Spectator Mode]
[00:56:02] [Server thread/INFO]: [Akukis: Set own game mode to Survival Mode]
[00:57:36] [Server thread/INFO]: [Akukis: Set own game mode to Creative Mode]
[00:58:07] [Server thread/INFO]: [Akukis: Set own game mode to Survival Mode]
[00:59:10] [Server thread/INFO]: siganconsumiendo[/192.168.194.189:52733] logged in with entity id 1148 at (-20.5, 87.0, 65.5)
[00:59:10] [Server thread/INFO]: siganconsumiendo joined the game
[00:59:18] [Server thread/INFO]: [Akukis: Set own game mode to Creative Mode]
[01:00:07] [Server thread/INFO]: siganconsumiendo was slain by Zombie
[01:00:21] [Server thread/INFO]: [Akukis: Set own game mode to Survival Mode]
[01:00:50] [Server thread/INFO]: [Akukis: Set own game mode to Creative Mode]
[01:01:06] [Server thread/INFO]: [Akukis: Set own game mode to Survival Mode]
[01:01:09] [Server thread/INFO]: [Akukis: Set own game mode to Spectator Mode]
[01:01:17] [Server thread/INFO]: [Not Secure] <Akukis> bro
[01:01:34] [Server thread/INFO]: [Not Secure] <Akukis> entra al canal pc boom en XiaZui menbers
[01:02:04] [Server thread/INFO]: [Akukis: Teleported Akukis to siganconsumiendo]
[01:02:12] [Server thread/INFO]: [Akukis: Set own game mode to Survival Mode]
[01:03:22] [Server thread/INFO]: siganconsumiendo has completed the challenge [Cover Me in Debris]
[01:05:10] [Server thread/INFO]: siganconsumiendo has made the advancement [Stone Age]
[01:06:29] [Server thread/INFO]: [Akukis: Set own game mode to Spectator Mode]
[01:06:35] [Server thread/INFO]: [Akukis: Teleported Akukis to siganconsumiendo]
[01:06:39] [Server thread/INFO]: [Akukis: Set own game mode to Survival Mode]
[01:07:42] [Server thread/INFO]: siganconsumiendo has made the advancement [Getting an Upgrade]
[01:08:41] [Server thread/INFO]: siganconsumiendo has made the advancement [Monster Hunter]
[01:11:42] [Server thread/INFO]: siganconsumiendo has made the advancement [Voluntary Exile]
[01:11:53] [Server thread/INFO]: siganconsumiendo has made the advancement [Acquire Hardware]
[01:13:49] [Server thread/INFO]: [Akukis: Set own game mode to Spectator Mode]
[01:13:52] [Server thread/INFO]: [Akukis: Teleported Akukis to siganconsumiendo]
[01:13:59] [Server thread/INFO]: [Akukis: Set own game mode to Survival Mode]
[01:14:05] [Server thread/INFO]: siganconsumiendo has made the advancement [Diamonds!]
[01:15:31] [Server thread/INFO]: siganconsumiendo has made the advancement [Isn't It Iron Pick]
[01:22:53] [Server thread/INFO]: [Akukis: Set own game mode to Spectator Mode]
[01:22:54] [Server thread/INFO]: [Akukis: Teleported Akukis to siganconsumiendo]
[01:23:11] [Server thread/INFO]: [Akukis: Set own game mode to Survival Mode]
[01:23:16] [Server thread/INFO]: [Akukis: Set own game mode to Spectator Mode]
[01:23:22] [Server thread/INFO]: [Akukis: Set own game mode to Survival Mode]
[01:23:51] [Server thread/INFO]: siganconsumiendo has made the advancement [The Cutest Predator]
[01:26:13] [Server thread/INFO]: [Akukis: Set own game mode to Spectator Mode]
[01:26:21] [Server thread/INFO]: [Akukis: Set own game mode to Survival Mode]
[01:26:46] [Server thread/INFO]: siganconsumiendo drowned
[01:26:53] [Server thread/INFO]: [Akukis: Set own game mode to Spectator Mode]
[01:26:54] [Server thread/INFO]: [Akukis: Teleported Akukis to siganconsumiendo]
[01:27:02] [Server thread/INFO]: [Akukis: Set own game mode to Survival Mode]
[01:27:48] [Server thread/INFO]: Akukis drowned
[01:29:24] [Server thread/INFO]: [Akukis: Gave 1 [Water Bucket] to Akukis]
[01:29:28] [Server thread/INFO]: [Akukis: Set own game mode to Spectator Mode]
[01:29:29] [Server thread/INFO]: [Akukis: Teleported Akukis to siganconsumiendo]
[01:29:43] [Server thread/INFO]: siganconsumiendo has made the advancement [Not Today, Thank You]
[01:30:40] [Server thread/WARN]: Akukis moved too quickly! -6.387763804459382,-1.0562400419712077,-7.666606203274682
[01:31:12] [Server thread/INFO]: Akukis was killed
[01:31:12] [Server thread/INFO]: [Akukis: Killed Akukis]
[01:31:16] [Server thread/INFO]: [Akukis: Set own game mode to Creative Mode]
[01:31:19] [Server thread/INFO]: [Akukis: Set own game mode to Survival Mode]
[01:34:37] [Server thread/INFO]: [Akukis: Gave 1 [Netherite Shovel] to Akukis]
[01:35:14] [Server thread/WARN]: Mismatch in destroy block pos: jd{x=-464, y=107, z=43} jd{x=-465, y=107, z=43}
[01:36:14] [Server thread/WARN]: Mismatch in destroy block pos: jd{x=-469, y=104, z=46} jd{x=-469, y=105, z=41}
[01:37:03] [Server thread/INFO]: [Akukis: Set own game mode to Spectator Mode]
[01:37:10] [Server thread/INFO]: [Akukis: Set own game mode to Survival Mode]
[01:37:58] [Server thread/INFO]: [Akukis: Set own game mode to Spectator Mode]
[01:38:42] [Server thread/INFO]: [Akukis: Gave 1 [Netherite Axe] to Akukis]
[01:38:44] [Server thread/INFO]: [Akukis: Set own game mode to Survival Mode]
[01:38:59] [Server thread/INFO]: cuycito[/192.168.194.107:49885] logged in with entity id 14830 at (507.4572208438627, 71.0, 1762.3591800395373)
[01:38:59] [Server thread/INFO]: cuycito joined the game
[01:42:06] [Server thread/INFO]: [Akukis: Set own game mode to Spectator Mode]
[01:42:25] [Server thread/INFO]: [Akukis: Set own game mode to Survival Mode]
[01:42:31] [Server thread/INFO]: [Akukis: Set own game mode to Spectator Mode]
[01:42:42] [Server thread/INFO]: [Akukis: Set own game mode to Survival Mode]
[01:42:44] [Server thread/INFO]: [Akukis: Set own game mode to Spectator Mode]
[01:42:47] [Server thread/INFO]: [Akukis: Set own game mode to Survival Mode]
[01:42:52] [Server thread/INFO]: [Akukis: Set own game mode to Spectator Mode]
[01:42:57] [Server thread/INFO]: [Akukis: Set own game mode to Survival Mode]
[01:43:06] [Server thread/INFO]: [Akukis: Set own game mode to Spectator Mode]
[01:43:17] [Server thread/INFO]: [Akukis: Set own game mode to Survival Mode]
[01:43:20] [Server thread/INFO]: [Akukis: Set own game mode to Spectator Mode]
[01:43:25] [Server thread/INFO]: [Akukis: Set own game mode to Survival Mode]
[01:43:36] [Server thread/WARN]: Mismatch in destroy block pos: jd{x=-486, y=108, z=43} jd{x=-487, y=106, z=46}
[01:43:36] [Server thread/WARN]: Mismatch in destroy block pos: jd{x=-486, y=108, z=43} jd{x=-487, y=106, z=46}
[01:43:36] [Server thread/WARN]: Mismatch in destroy block pos: jd{x=-486, y=108, z=43} jd{x=-487, y=106, z=46}
[01:43:36] [Server thread/WARN]: Mismatch in destroy block pos: jd{x=-486, y=108, z=43} jd{x=-487, y=106, z=46}
[01:43:36] [Server thread/WARN]: Mismatch in destroy block pos: jd{x=-486, y=108, z=43} jd{x=-487, y=106, z=46}
[01:43:36] [Server thread/WARN]: Mismatch in destroy block pos: jd{x=-486, y=108, z=43} jd{x=-487, y=106, z=46}
[01:43:36] [Server thread/WARN]: Mismatch in destroy block pos: jd{x=-486, y=108, z=43} jd{x=-487, y=106, z=46}
[01:43:36] [Server thread/WARN]: Mismatch in destroy block pos: jd{x=-486, y=108, z=43} jd{x=-487, y=106, z=46}
[01:44:27] [Server thread/INFO]: [Akukis: Set own game mode to Spectator Mode]
[01:44:37] [Server thread/INFO]: [Akukis: Set own game mode to Survival Mode]
[01:44:41] [Server thread/INFO]: cuycito was slain by Zombie
[01:45:00] [Server thread/INFO]: cuycito lost connection: Timed out
[01:45:00] [Server thread/INFO]: cuycito left the game
[01:45:00] [Server thread/WARN]: handleDisconnection() called twice
[01:45:04] [Server thread/INFO]: [Akukis: Set own game mode to Spectator Mode]
[01:45:14] [Server thread/INFO]: cuycito[/192.168.194.107:50252] logged in with entity id 19523 at (518.6608720401586, 59.0, 1718.591277832236)
[01:45:14] [Server thread/INFO]: cuycito joined the game
[01:45:17] [Server thread/INFO]: [Akukis: Set own game mode to Survival Mode]
[01:46:49] [Server thread/INFO]: [Not Secure] <Akukis> cris
[01:47:55] [Server thread/WARN]: Mismatch in destroy block pos: jd{x=-473, y=104, z=51} jd{x=-474, y=103, z=52}
[01:48:10] [Server thread/INFO]: [Akukis: Set own game mode to Spectator Mode]
[01:48:15] [Server thread/INFO]: [Akukis: Set own game mode to Survival Mode]
[01:48:24] [Server thread/INFO]: [Akukis: Set own game mode to Creative Mode]
[01:49:27] [Server thread/INFO]: [Akukis: Set own game mode to Survival Mode]
[01:49:50] [Server thread/WARN]: Mismatch in destroy block pos: jd{x=-485, y=106, z=47} jd{x=-485, y=105, z=48}
[01:49:50] [Server thread/WARN]: Mismatch in destroy block pos: jd{x=-485, y=106, z=47} jd{x=-485, y=105, z=48}
[01:49:50] [Server thread/WARN]: Mismatch in destroy block pos: jd{x=-485, y=106, z=47} jd{x=-485, y=105, z=48}
[01:49:50] [Server thread/WARN]: Mismatch in destroy block pos: jd{x=-485, y=106, z=47} jd{x=-485, y=105, z=48}
[01:49:50] [Server thread/WARN]: Mismatch in destroy block pos: jd{x=-485, y=106, z=47} jd{x=-485, y=105, z=48}
[01:49:50] [Server thread/WARN]: Mismatch in destroy block pos: jd{x=-485, y=106, z=47} jd{x=-485, y=105, z=48}
[01:49:50] [Server thread/WARN]: Mismatch in destroy block pos: jd{x=-485, y=106, z=47} jd{x=-485, y=105, z=48}
[01:49:50] [Server thread/WARN]: Mismatch in destroy block pos: jd{x=-485, y=106, z=47} jd{x=-485, y=105, z=48}
[01:49:50] [Server thread/WARN]: Mismatch in destroy block pos: jd{x=-485, y=106, z=47} jd{x=-485, y=105, z=48}
[01:49:50] [Server thread/WARN]: Mismatch in destroy block pos: jd{x=-485, y=106, z=47} jd{x=-485, y=105, z=48}
[01:49:50] [Server thread/WARN]: Mismatch in destroy block pos: jd{x=-485, y=106, z=47} jd{x=-485, y=105, z=48}
[01:49:50] [Server thread/WARN]: Mismatch in destroy block pos: jd{x=-485, y=106, z=47} jd{x=-485, y=105, z=48}
[01:49:50] [Server thread/WARN]: Mismatch in destroy block pos: jd{x=-485, y=106, z=47} jd{x=-485, y=105, z=48}
[01:49:50] [Server thread/WARN]: Mismatch in destroy block pos: jd{x=-485, y=106, z=47} jd{x=-485, y=105, z=48}
[01:49:50] [Server thread/WARN]: Mismatch in destroy block pos: jd{x=-485, y=106, z=47} jd{x=-485, y=105, z=48}
[01:49:50] [Server thread/WARN]: Mismatch in destroy block pos: jd{x=-485, y=106, z=47} jd{x=-485, y=105, z=48}
[01:49:50] [Server thread/WARN]: Mismatch in destroy block pos: jd{x=-485, y=106, z=47} jd{x=-485, y=105, z=48}
[01:49:50] [Server thread/WARN]: Mismatch in destroy block pos: jd{x=-485, y=106, z=47} jd{x=-485, y=105, z=48}
[01:49:50] [Server thread/WARN]: Mismatch in destroy block pos: jd{x=-485, y=106, z=47} jd{x=-485, y=105, z=48}
[01:49:50] [Server thread/WARN]: Mismatch in destroy block pos: jd{x=-485, y=106, z=47} jd{x=-485, y=105, z=48}
[01:49:51] [Server thread/WARN]: Mismatch in destroy block pos: jd{x=-485, y=106, z=47} jd{x=-485, y=105, z=48}
[01:49:51] [Server thread/WARN]: Mismatch in destroy block pos: jd{x=-485, y=106, z=47} jd{x=-485, y=105, z=48}
[01:49:51] [Server thread/WARN]: Mismatch in destroy block pos: jd{x=-485, y=106, z=47} jd{x=-485, y=105, z=48}
[01:49:51] [Server thread/WARN]: Mismatch in destroy block pos: jd{x=-485, y=106, z=47} jd{x=-485, y=105, z=48}
[01:49:51] [Server thread/WARN]: Mismatch in destroy block pos: jd{x=-485, y=106, z=47} jd{x=-485, y=105, z=48}
[01:49:51] [Server thread/WARN]: Mismatch in destroy block pos: jd{x=-485, y=106, z=47} jd{x=-485, y=105, z=48}
[01:49:51] [Server thread/WARN]: Mismatch in destroy block pos: jd{x=-485, y=106, z=47} jd{x=-485, y=105, z=48}
[01:49:55] [Server thread/WARN]: Mismatch in destroy block pos: jd{x=-484, y=108, z=50} jd{x=-484, y=107, z=50}
[01:49:55] [Server thread/WARN]: Mismatch in destroy block pos: jd{x=-484, y=108, z=50} jd{x=-484, y=107, z=50}
[01:49:55] [Server thread/WARN]: Mismatch in destroy block pos: jd{x=-487, y=108, z=51} jd{x=-486, y=107, z=52}
[01:49:56] [Server thread/WARN]: Mismatch in destroy block pos: jd{x=-487, y=108, z=51} jd{x=-486, y=107, z=52}
[01:49:56] [Server thread/WARN]: Mismatch in destroy block pos: jd{x=-487, y=108, z=51} jd{x=-486, y=107, z=52}
[01:49:56] [Server thread/WARN]: Mismatch in destroy block pos: jd{x=-487, y=108, z=51} jd{x=-486, y=107, z=52}
[01:49:56] [Server thread/WARN]: Mismatch in destroy block pos: jd{x=-487, y=108, z=51} jd{x=-486, y=107, z=52}
[01:49:56] [Server thread/WARN]: Mismatch in destroy block pos: jd{x=-487, y=108, z=51} jd{x=-486, y=107, z=52}
[01:49:56] [Server thread/WARN]: Mismatch in destroy block pos: jd{x=-487, y=108, z=51} jd{x=-486, y=107, z=52}
[01:49:56] [Server thread/WARN]: Mismatch in destroy block pos: jd{x=-487, y=108, z=51} jd{x=-486, y=107, z=52}
[01:49:56] [Server thread/WARN]: Mismatch in destroy block pos: jd{x=-487, y=108, z=51} jd{x=-486, y=107, z=52}
[01:49:59] [Server thread/INFO]: cuycito was killed by [Intentional Game Design]
[01:50:42] [Server thread/INFO]: [Akukis: Set own game mode to Spectator Mode]
[01:50:50] [Server thread/INFO]: [Akukis: Set own game mode to Survival Mode]
[01:51:18] [Server thread/INFO]: [Akukis: Set own game mode to Spectator Mode]
[01:51:27] [Server thread/INFO]: [Akukis: Set own game mode to Survival Mode]
[01:52:09] [Server thread/INFO]: siganconsumiendo has made the advancement [Best Friends Forever]
[01:52:22] [Server thread/INFO]: cuycito has made the advancement [Hidden in the Depths]
[01:54:51] [Server thread/INFO]: [Akukis: Set own game mode to Spectator Mode]
[01:54:57] [Server thread/INFO]: [Akukis: Set own game mode to Survival Mode]
[01:55:16] [Server thread/INFO]: [Akukis: Set own game mode to Spectator Mode]
[01:55:25] [Server thread/INFO]: [Akukis: Set own game mode to Survival Mode]
[01:59:02] [Server thread/INFO]: [Akukis: Set own game mode to Spectator Mode]
[01:59:07] [Server thread/INFO]: [Akukis: Set own game mode to Survival Mode]
[02:00:12] [Server thread/INFO]: [Akukis: Set own game mode to Spectator Mode]
[02:00:19] [Server thread/INFO]: [Akukis: Set own game mode to Survival Mode]
[02:01:10] [Server thread/WARN]: Mismatch in destroy block pos: jd{x=-471, y=110, z=51} jd{x=-471, y=110, z=52}
[02:01:22] [Server thread/INFO]: [Akukis: Set own game mode to Spectator Mode]
[02:01:27] [Server thread/INFO]: [Akukis: Set own game mode to Survival Mode]
[02:01:30] [Server thread/INFO]: cuycito burned to death
[02:01:57] [Server thread/INFO]: [Akukis: Set own game mode to Spectator Mode]
[02:02:06] [Server thread/INFO]: [Akukis: Set own game mode to Survival Mode]
[02:02:25] [Server thread/INFO]: [Akukis: Set own game mode to Creative Mode]
[02:04:11] [Server thread/INFO]: [Not Secure] <siganconsumiendo> 69 88 367
[02:06:04] [Server thread/INFO]: [Akukis: Set own game mode to Spectator Mode]
[02:06:06] [Server thread/INFO]: [Akukis: Set own game mode to Creative Mode]
[02:06:08] [Server thread/INFO]: [Akukis: Set own game mode to Survival Mode]
[02:06:12] [Server thread/INFO]: [Akukis: Set own game mode to Spectator Mode]
[02:06:17] [Server thread/INFO]: [Akukis: Set own game mode to Survival Mode]
[02:06:44] [Server thread/INFO]: [Akukis: Set own game mode to Spectator Mode]
[02:06:50] [Server thread/INFO]: [Akukis: Teleported Akukis to siganconsumiendo]
[02:06:59] [Server thread/INFO]: [Akukis: Set own game mode to Survival Mode]
[02:08:43] [Server thread/INFO]: [Akukis: Set own game mode to Spectator Mode]
[02:08:47] [Server thread/INFO]: [Akukis: Set own game mode to Survival Mode]
[02:09:13] [Server thread/INFO]: [Akukis: Set own game mode to Spectator Mode]
[02:09:18] [Server thread/INFO]: [Akukis: Set own game mode to Survival Mode]
[02:09:56] [Server thread/INFO]: cuycito was slain by Enderman
[02:11:21] [Server thread/INFO]: [Akukis: Set own game mode to Spectator Mode]
[02:11:30] [Server thread/INFO]: [Akukis: Set own game mode to Survival Mode]
[02:11:53] [Server thread/INFO]: [Akukis: Gave 6 [Iron Ingot] to Akukis]
[02:12:39] [Server thread/INFO]: [Akukis: Set own game mode to Spectator Mode]
[02:12:48] [Server thread/INFO]: [Akukis: Set own game mode to Survival Mode]
[02:13:05] [Server thread/WARN]: Mismatch in destroy block pos: jd{x=60, y=85, z=362} jd{x=60, y=84, z=363}
[02:13:13] [Server thread/INFO]: [Akukis: Set own game mode to Spectator Mode]
[02:13:19] [Server thread/INFO]: [Akukis: Set own game mode to Survival Mode]
[02:14:06] [Server thread/INFO]: [Akukis: Set own game mode to Spectator Mode]
[02:14:10] [Server thread/INFO]: [Akukis: Set own game mode to Survival Mode]
[02:14:39] [Server thread/INFO]: [Akukis: Set own game mode to Spectator Mode]
[02:14:43] [Server thread/INFO]: [Akukis: Set own game mode to Survival Mode]
[02:15:07] [Server thread/INFO]: [Akukis: Set own game mode to Spectator Mode]
[02:15:10] [Server thread/INFO]: [Akukis: Set own game mode to Survival Mode]
[02:15:14] [Server thread/INFO]: [Akukis: Set own game mode to Spectator Mode]
[02:15:15] [Server thread/INFO]: [Akukis: Set own game mode to Survival Mode]
[02:18:20] [Server thread/INFO]: siganconsumiendo was slain by Akukis
[02:18:24] [Server thread/INFO]: [Akukis: Set own game mode to Spectator Mode]
[02:18:28] [Server thread/INFO]: [Akukis: Set own game mode to Survival Mode]
[02:19:02] [Server thread/INFO]: [Akukis: Set own game mode to Spectator Mode]
[02:19:17] [Server thread/INFO]: [Akukis: Gave 1 [Magma Block] to Akukis]
[02:19:23] [Server thread/INFO]: [Akukis: Set own game mode to Survival Mode]
[02:20:04] [Server thread/INFO]: [Akukis: Gave 128 [Glass] to Akukis]
[02:21:30] [Server thread/INFO]: [Akukis: Gave 128 [Glass] to Akukis]
[02:23:18] [Server thread/INFO]: siganconsumiendo fell from a high place
[02:23:29] [Server thread/INFO]: [Akukis: Set own game mode to Creative Mode]
[02:24:51] [Server thread/INFO]: [Akukis: Set own game mode to Survival Mode]
[02:25:48] [Server thread/INFO]: siganconsumiendo fell from a high place
[02:25:51] [Server thread/INFO]: siganconsumiendo lost connection: Disconnected
[02:25:51] [Server thread/INFO]: siganconsumiendo left the game
[02:26:02] [Server thread/INFO]: [Akukis: Set own game mode to Spectator Mode]
[02:26:09] [Server thread/INFO]: [Akukis: Set own game mode to Survival Mode]
[02:26:40] [Server thread/INFO]: [Akukis: Teleported Akukis to cuycito]
[02:28:13] [Server thread/INFO]: Akukis has made the advancement [Hot Stuff]
[02:29:29] [Server thread/INFO]: cuycito tried to swim in lava
[02:29:56] [Server thread/INFO]: [Akukis: Teleported cuycito to Akukis]
[02:30:35] [Server thread/INFO]: Akukis lost connection: Disconnected
[02:30:35] [Server thread/INFO]: Akukis left the game
[02:31:12] [Server thread/INFO]: cuycito lost connection: Disconnected
[02:31:12] [Server thread/INFO]: cuycito left the game
